==========================================================================================
Layer (type:depth-idx)                   Output Shape              Param #
==========================================================================================
FCNets1                                  --                        --
├─Linear: 1-1                            [3, 64]                   8,256
│    └─weight                                                      ├─8,192
│    └─bias                                                        └─64
├─ReLU: 1-2                              [3, 64]                   --
├─Linear: 1-3                            [3, 32]                   2,080
│    └─weight                                                      ├─2,048
│    └─bias                                                        └─32
==========================================================================================
Total params: 10,336
Trainable params: 10,336
Non-trainable params: 0
Total mult-adds (M): 0.03
==========================================================================================
Input size (MB): 0.00
Forward/backward pass size (MB): 0.00
Params size (MB): 0.04
Estimated Total Size (MB): 0.05
==========================================================================================
==========================================================================================
Layer (type:depth-idx)                   Output Shape              Param #
==========================================================================================
FCNets2                                  --                        --
├─weight                                                           ├─8,192
├─bias                                                             └─64
├─ReLU: 1-1                              [3, 64]                   --
├─Linear: 1-2                            [3, 32]                   2,080
│    └─weight                                                      ├─2,048
│    └─bias                                                        └─32
==========================================================================================
Total params: 10,336
Trainable params: 10,336
Non-trainable params: 0
Total mult-adds (M): 0.03
==========================================================================================
Input size (MB): 0.00
Forward/backward pass size (MB): 0.00
Params size (MB): 0.04
Estimated Total Size (MB): 0.05
==========================================================================================
