==========================================================================================
Layer (type:depth-idx)                   Output Shape              Param #
==========================================================================================
FCNet                                    [3, 64]                   8,256
├─a                                                                ├─8,192
├─b                                                                └─64
==========================================================================================
Total params: 8,256
Trainable params: 8,256
Non-trainable params: 0
Total mult-adds (M): 0.00
==========================================================================================
Input size (MB): 0.00
Forward/backward pass size (MB): 0.00
Params size (MB): 0.03
Estimated Total Size (MB): 0.04
==========================================================================================
